<?xml version="1.0" encoding="UTF-8"?>
<testsuites name="jest tests" tests="1" failures="1" errors="0" time="2.878">
  <testsuite name="Artdatabanken" errors="0" failures="1" skipped="0" timestamp="2022-11-13T17:34:02" time="2.303" tests="1">
    <testcase classname="Artdatabanken will call" name="Artdatabanken will call" time="0.266">
      <failure>AxiosError: Request failed with status code 401
    at settle (C:\Users\bigha\Documents\_Projects\artdatabanken\node_modules\axios\lib\core\settle.js:19:12)
    at IncomingMessage.handleStreamEnd (C:\Users\bigha\Documents\_Projects\artdatabanken\node_modules\axios\lib\adapters\http.js:495:11)
    at IncomingMessage.emit (node:events:525:35)
    at endReadableNT (node:internal/streams/readable:1358:12)
    at processTicksAndRejections (node:internal/process/task_queues:83:21)</failure>
    </testcase>
  </testsuite>
</testsuites>